[INFO] Scanning for projects...
[WARNING] 
[WARNING] Some problems were encountered while building the effective model for com.foundly:Foundly-platform:jar:0.0.1-SNAPSHOT
[WARNING] 'dependencies.dependency.(groupId:artifactId:type:classifier)' must be unique: org.springframework.boot:spring-boot-starter-test:jar -> duplicate declaration of version (?) @ line 86, column 21
[WARNING] 
[WARNING] It is highly recommended to fix these problems because they threaten the stability of your build.
[WARNING] 
[WARNING] For this reason, future Maven versions might no longer support building such malformed projects.
[WARNING] 
[INFO] 
[INFO] --------------------< com.foundly:Foundly-platform >--------------------
[INFO] Building Foundly-platform 0.0.1-SNAPSHOT
[INFO]   from pom.xml
[INFO] --------------------------------[ jar ]---------------------------------
[INFO] 
[INFO] >>> spring-boot:4.0.6:run (default-cli) > test-compile @ Foundly-platform >>>
[INFO] 
[INFO] --- resources:3.3.1:resources (default-resources) @ Foundly-platform ---
[INFO] Copying 3 resources from src\main\resources to target\classes
[INFO] Copying 4 resources from src\main\resources to target\classes
[INFO] 
[INFO] --- compiler:3.14.1:compile (default-compile) @ Foundly-platform ---
[INFO] Nothing to compile - all classes are up to date.
[INFO] 
[INFO] --- resources:3.3.1:testResources (default-testResources) @ Foundly-platform ---
[INFO] skip non existing resourceDirectory C:\Users\PERSONAL\IdeaProjects\Foundly-Backend\src\test\resources
[INFO] 
[INFO] --- compiler:3.14.1:testCompile (default-testCompile) @ Foundly-platform ---
[INFO] Nothing to compile - all classes are up to date.
[INFO] 
[INFO] <<< spring-boot:4.0.6:run (default-cli) < test-compile @ Foundly-platform <<<
[INFO] 
[INFO] 
[INFO] --- spring-boot:4.0.6:run (default-cli) @ Foundly-platform ---
[INFO] Attaching agents: []

  .   ____          _            __ _ _
 /\\ / ___'_ __ _ _(_)_ __  __ _ \ \ \ \
( ( )\___ | '_ | '_| | '_ \/ _` | \ \ \ \
 \\/  ___)| |_)| | | | | || (_| |  ) ) ) )
  '  |____| .__|_| |_|_| |_\__, | / / / /
 =========|_|==============|___/=/_/_/_/

 :: Spring Boot ::                (v4.0.6)

2026-06-22T14:41:52.687-05:00  INFO 4072 --- [Foundly Platform] [  restartedMain] c.f.f.FoundlyPlatformApplication         : Starting FoundlyPlatformApplication using Java 26 with PID 4072 (C:\Users\PERSONAL\IdeaProjects\Foundly-Backend\target\classes started by SEBASTIAN in C:\Users\PERSONAL\IdeaProjects\Foundly-Backend)
2026-06-22T14:41:52.693-05:00  INFO 4072 --- [Foundly Platform] [  restartedMain] c.f.f.FoundlyPlatformApplication         : No active profile set, falling back to 1 default profile: "default"
2026-06-22T14:41:52.755-05:00  INFO 4072 --- [Foundly Platform] [  restartedMain] .e.DevToolsPropertyDefaultsPostProcessor : Devtools property defaults active! Set 'spring.devtools.add-properties' to 'false' to disable
2026-06-22T14:41:52.755-05:00  INFO 4072 --- [Foundly Platform] [  restartedMain] .e.DevToolsPropertyDefaultsPostProcessor : For additional web related logging consider setting the 'logging.level.web' property to 'DEBUG'
2026-06-22T14:41:54.111-05:00  INFO 4072 --- [Foundly Platform] [  restartedMain] .s.d.r.c.RepositoryConfigurationDelegate : Bootstrapping Spring Data JPA repositories in DEFAULT mode.
2026-06-22T14:41:54.404-05:00  INFO 4072 --- [Foundly Platform] [  restartedMain] .s.d.r.c.RepositoryConfigurationDelegate : Finished Spring Data repository scanning in 279 ms. Found 6 JPA repository interfaces.
2026-06-22T14:41:55.528-05:00  INFO 4072 --- [Foundly Platform] [  restartedMain] o.s.boot.tomcat.TomcatWebServer          : Tomcat initialized with port 8083 (http)
2026-06-22T14:41:55.553-05:00  INFO 4072 --- [Foundly Platform] [  restartedMain] o.apache.catalina.core.StandardService   : Starting service [Tomcat]
2026-06-22T14:41:55.554-05:00  INFO 4072 --- [Foundly Platform] [  restartedMain] o.apache.catalina.core.StandardEngine    : Starting Servlet engine: [Apache Tomcat/11.0.21]
2026-06-22T14:41:55.653-05:00  INFO 4072 --- [Foundly Platform] [  restartedMain] b.w.c.s.WebApplicationContextInitializer : Root WebApplicationContext: initialization completed in 2898 ms
2026-06-22T14:41:55.938-05:00  INFO 4072 --- [Foundly Platform] [  restartedMain] org.hibernate.orm.jpa                    : HHH008540: Processing PersistenceUnitInfo [name: default]
2026-06-22T14:41:56.045-05:00  INFO 4072 --- [Foundly Platform] [  restartedMain] org.hibernate.orm.core                   : HHH000001: Hibernate ORM core version 7.2.12.Final
2026-06-22T14:41:56.836-05:00  INFO 4072 --- [Foundly Platform] [  restartedMain] o.s.o.j.p.SpringPersistenceUnitInfo      : No LoadTimeWeaver setup: ignoring JPA class transformer
2026-06-22T14:41:56.876-05:00  INFO 4072 --- [Foundly Platform] [  restartedMain] com.zaxxer.hikari.HikariDataSource       : HikariPool-1 - Starting...
2026-06-22T14:41:57.104-05:00  INFO 4072 --- [Foundly Platform] [  restartedMain] com.zaxxer.hikari.pool.HikariPool        : HikariPool-1 - Added connection com.mysql.cj.jdbc.ConnectionImpl@719f818d
2026-06-22T14:41:57.107-05:00  INFO 4072 --- [Foundly Platform] [  restartedMain] com.zaxxer.hikari.HikariDataSource       : HikariPool-1 - Start completed.
2026-06-22T14:41:57.174-05:00  WARN 4072 --- [Foundly Platform] [  restartedMain] org.hibernate.orm.deprecation            : HHH90000025: MySQLDialect does not need to be specified explicitly using 'hibernate.dialect' (remove the property setting and it will be selected by default)
2026-06-22T14:41:57.195-05:00  INFO 4072 --- [Foundly Platform] [  restartedMain] org.hibernate.orm.connections.pooling    : HHH10001005: Database info:
	Database JDBC URL [jdbc:mysql://localhost:3306/foundly_db?useSSL=false&serverTimezone=UTC&createDatabaseIfNotExist=true&allowPublicKeyRetrieval=true]
	Database driver: MySQL Connector/J
	Database dialect: MySQLDialect
	Database version: 8.0.45
	Default catalog/schema: foundly_db/undefined
	Autocommit mode: undefined/unknown
	Isolation level: REPEATABLE_READ [default REPEATABLE_READ]
	JDBC fetch size: none
	Pool: DataSourceConnectionProvider
	Minimum pool size: undefined/unknown
	Maximum pool size: undefined/unknown
2026-06-22T14:41:58.869-05:00  INFO 4072 --- [Foundly Platform] [  restartedMain] org.hibernate.orm.core                   : HHH000489: No JTA platform available (set 'hibernate.transaction.jta.platform' to enable JTA platform integration)
2026-06-22T14:41:59.106-05:00  WARN 4072 --- [Foundly Platform] [  restartedMain] o.h.t.s.i.ExceptionHandlerLoggedImpl     : GenerationTarget encountered exception accepting command : Error executing DDL "alter table project_roles add constraint FKa1xi8mlw6fqpwss0ko4qynki9 foreign key (project_id) references projects (id)" via JDBC [Referencing column 'project_id' and referenced column 'id' in foreign key constraint 'FKa1xi8mlw6fqpwss0ko4qynki9' are incompatible.]

org.hibernate.tool.schema.spi.CommandAcceptanceException: Error executing DDL "alter table project_roles add constraint FKa1xi8mlw6fqpwss0ko4qynki9 foreign key (project_id) references projects (id)" via JDBC [Referencing column 'project_id' and referenced column 'id' in foreign key constraint 'FKa1xi8mlw6fqpwss0ko4qynki9' are incompatible.]
	at org.hibernate.tool.schema.internal.exec.GenerationTargetToDatabase.accept(GenerationTargetToDatabase.java:81) ~[hibernate-core-7.2.12.Final.jar:7.2.12.Final]
	at org.hibernate.tool.schema.internal.AbstractSchemaMigrator.applySqlString(AbstractSchemaMigrator.java:566) ~[hibernate-core-7.2.12.Final.jar:7.2.12.Final]
	at org.hibernate.tool.schema.internal.AbstractSchemaMigrator.applySqlStrings(AbstractSchemaMigrator.java:506) ~[hibernate-core-7.2.12.Final.jar:7.2.12.Final]
	at org.hibernate.tool.schema.internal.AbstractSchemaMigrator.applyForeignKeys(AbstractSchemaMigrator.java:438) ~[hibernate-core-7.2.12.Final.jar:7.2.12.Final]
	at org.hibernate.tool.schema.internal.AbstractSchemaMigrator.performMigration(AbstractSchemaMigrator.java:256) ~[hibernate-core-7.2.12.Final.jar:7.2.12.Final]
	at org.hibernate.tool.schema.internal.AbstractSchemaMigrator.doMigration(AbstractSchemaMigrator.java:96) ~[hibernate-core-7.2.12.Final.jar:7.2.12.Final]
	at org.hibernate.tool.schema.spi.SchemaManagementToolCoordinator.performDatabaseAction(SchemaManagementToolCoordinator.java:269) ~[hibernate-core-7.2.12.Final.jar:7.2.12.Final]
	at org.hibernate.tool.schema.spi.SchemaManagementToolCoordinator.lambda$process$1(SchemaManagementToolCoordinator.java:101) ~[hibernate-core-7.2.12.Final.jar:7.2.12.Final]
	at java.base/java.util.HashMap.forEach(HashMap.java:1430) ~[na:na]
	at org.hibernate.tool.schema.spi.SchemaManagementToolCoordinator.process(SchemaManagementToolCoordinator.java:100) ~[hibernate-core-7.2.12.Final.jar:7.2.12.Final]
	at org.hibernate.boot.internal.SessionFactoryObserverForSchemaExport.sessionFactoryCreated(SessionFactoryObserverForSchemaExport.java:35) ~[hibernate-core-7.2.12.Final.jar:7.2.12.Final]
	at org.hibernate.internal.SessionFactoryObserverChain.sessionFactoryCreated(SessionFactoryObserverChain.java:33) ~[hibernate-core-7.2.12.Final.jar:7.2.12.Final]
	at org.hibernate.internal.SessionFactoryImpl.<init>(SessionFactoryImpl.java:323) ~[hibernate-core-7.2.12.Final.jar:7.2.12.Final]
	at org.hibernate.internal.SessionFactoryRegistry.instantiateSessionFactory(SessionFactoryRegistry.java:64) ~[hibernate-core-7.2.12.Final.jar:7.2.12.Final]
	at org.hibernate.boot.internal.SessionFactoryBuilderImpl.build(SessionFactoryBuilderImpl.java:437) ~[hibernate-core-7.2.12.Final.jar:7.2.12.Final]
	at org.hibernate.jpa.boot.internal.EntityManagerFactoryBuilderImpl.build(EntityManagerFactoryBuilderImpl.java:1456) ~[hibernate-core-7.2.12.Final.jar:7.2.12.Final]
	at org.springframework.orm.jpa.vendor.SpringHibernateJpaPersistenceProvider.createContainerEntityManagerFactory(SpringHibernateJpaPersistenceProvider.java:93) ~[spring-orm-7.0.7.jar:7.0.7]
	at org.springframework.orm.jpa.LocalContainerEntityManagerFactoryBean.createNativeEntityManagerFactory(LocalContainerEntityManagerFactoryBean.java:443) ~[spring-orm-7.0.7.jar:7.0.7]
	at org.springframework.orm.jpa.AbstractEntityManagerFactoryBean.buildNativeEntityManagerFactory(AbstractEntityManagerFactoryBean.java:436) ~[spring-orm-7.0.7.jar:7.0.7]
	at org.springframework.orm.jpa.AbstractEntityManagerFactoryBean.afterPropertiesSet(AbstractEntityManagerFactoryBean.java:411) ~[spring-orm-7.0.7.jar:7.0.7]
	at org.springframework.orm.jpa.LocalContainerEntityManagerFactoryBean.afterPropertiesSet(LocalContainerEntityManagerFactoryBean.java:419) ~[spring-orm-7.0.7.jar:7.0.7]
	at org.springframework.beans.factory.support.AbstractAutowireCapableBeanFactory.invokeInitMethods(AbstractAutowireCapableBeanFactory.java:1864) ~[spring-beans-7.0.7.jar:7.0.7]
	at org.springframework.beans.factory.support.AbstractAutowireCapableBeanFactory.initializeBean(AbstractAutowireCapableBeanFactory.java:1813) ~[spring-beans-7.0.7.jar:7.0.7]
	at org.springframework.beans.factory.support.AbstractAutowireCapableBeanFactory.doCreateBean(AbstractAutowireCapableBeanFactory.java:603) ~[spring-beans-7.0.7.jar:7.0.7]
	at org.springframework.beans.factory.support.AbstractAutowireCapableBeanFactory.createBean(AbstractAutowireCapableBeanFactory.java:525) ~[spring-beans-7.0.7.jar:7.0.7]
	at org.springframework.beans.factory.support.AbstractBeanFactory.lambda$doGetBean$0(AbstractBeanFactory.java:333) ~[spring-beans-7.0.7.jar:7.0.7]
	at org.springframework.beans.factory.support.DefaultSingletonBeanRegistry.getSingleton(DefaultSingletonBeanRegistry.java:371) ~[spring-beans-7.0.7.jar:7.0.7]
	at org.springframework.beans.factory.support.AbstractBeanFactory.doGetBean(AbstractBeanFactory.java:331) ~[spring-beans-7.0.7.jar:7.0.7]
	at org.springframework.beans.factory.support.AbstractBeanFactory.getBean(AbstractBeanFactory.java:196) ~[spring-beans-7.0.7.jar:7.0.7]
	at org.springframework.beans.factory.support.BeanDefinitionValueResolver.resolveReference(BeanDefinitionValueResolver.java:365) ~[spring-beans-7.0.7.jar:7.0.7]
	at org.springframework.beans.factory.support.BeanDefinitionValueResolver.resolveValueIfNecessary(BeanDefinitionValueResolver.java:135) ~[spring-beans-7.0.7.jar:7.0.7]
	at org.springframework.beans.factory.support.ConstructorResolver.resolveConstructorArguments(ConstructorResolver.java:691) ~[spring-beans-7.0.7.jar:7.0.7]
	at org.springframework.beans.factory.support.ConstructorResolver.instantiateUsingFactoryMethod(ConstructorResolver.java:513) ~[spring-beans-7.0.7.jar:7.0.7]
	at org.springframework.beans.factory.support.AbstractAutowireCapableBeanFactory.instantiateUsingFactoryMethod(AbstractAutowireCapableBeanFactory.java:1362) ~[spring-beans-7.0.7.jar:7.0.7]
	at org.springframework.beans.factory.support.AbstractAutowireCapableBeanFactory.createBeanInstance(AbstractAutowireCapableBeanFactory.java:1194) ~[spring-beans-7.0.7.jar:7.0.7]
	at org.springframework.beans.factory.support.AbstractAutowireCapableBeanFactory.doCreateBean(AbstractAutowireCapableBeanFactory.java:565) ~[spring-beans-7.0.7.jar:7.0.7]
	at org.springframework.beans.factory.support.AbstractAutowireCapableBeanFactory.createBean(AbstractAutowireCapableBeanFactory.java:525) ~[spring-beans-7.0.7.jar:7.0.7]
	at org.springframework.beans.factory.support.AbstractBeanFactory.lambda$doGetBean$0(AbstractBeanFactory.java:333) ~[spring-beans-7.0.7.jar:7.0.7]
	at org.springframework.beans.factory.support.DefaultSingletonBeanRegistry.getSingleton(DefaultSingletonBeanRegistry.java:371) ~[spring-beans-7.0.7.jar:7.0.7]
	at org.springframework.beans.factory.support.AbstractBeanFactory.doGetBean(AbstractBeanFactory.java:331) ~[spring-beans-7.0.7.jar:7.0.7]
	at org.springframework.beans.factory.support.AbstractBeanFactory.getBean(AbstractBeanFactory.java:201) ~[spring-beans-7.0.7.jar:7.0.7]
	at org.springframework.beans.factory.support.BeanDefinitionValueResolver.resolveReference(BeanDefinitionValueResolver.java:356) ~[spring-beans-7.0.7.jar:7.0.7]
	at org.springframework.beans.factory.support.BeanDefinitionValueResolver.resolveValueIfNecessary(BeanDefinitionValueResolver.java:135) ~[spring-beans-7.0.7.jar:7.0.7]
	at org.springframework.beans.factory.support.AbstractAutowireCapableBeanFactory.applyPropertyValues(AbstractAutowireCapableBeanFactory.java:1712) ~[spring-beans-7.0.7.jar:7.0.7]
	at org.springframework.beans.factory.support.AbstractAutowireCapableBeanFactory.populateBean(AbstractAutowireCapableBeanFactory.java:1461) ~[spring-beans-7.0.7.jar:7.0.7]
	at org.springframework.beans.factory.support.AbstractAutowireCapableBeanFactory.doCreateBean(AbstractAutowireCapableBeanFactory.java:602) ~[spring-beans-7.0.7.jar:7.0.7]
	at org.springframework.beans.factory.support.AbstractAutowireCapableBeanFactory.createBean(AbstractAutowireCapableBeanFactory.java:525) ~[spring-beans-7.0.7.jar:7.0.7]
	at org.springframework.beans.factory.support.AbstractBeanFactory.lambda$doGetBean$0(AbstractBeanFactory.java:333) ~[spring-beans-7.0.7.jar:7.0.7]
	at org.springframework.beans.factory.support.DefaultSingletonBeanRegistry.getSingleton(DefaultSingletonBeanRegistry.java:371) ~[spring-beans-7.0.7.jar:7.0.7]
	at org.springframework.beans.factory.support.AbstractBeanFactory.doGetBean(AbstractBeanFactory.java:331) ~[spring-beans-7.0.7.jar:7.0.7]
	at org.springframework.beans.factory.support.AbstractBeanFactory.getBean(AbstractBeanFactory.java:201) ~[spring-beans-7.0.7.jar:7.0.7]
	at org.springframework.beans.factory.support.DefaultListableBeanFactory.resolveBean(DefaultListableBeanFactory.java:1225) ~[spring-beans-7.0.7.jar:7.0.7]
	at org.springframework.beans.factory.support.DefaultListableBeanFactory.doResolveDependency(DefaultListableBeanFactory.java:1704) ~[spring-beans-7.0.7.jar:7.0.7]
	at org.springframework.beans.factory.support.DefaultListableBeanFactory.resolveDependency(DefaultListableBeanFactory.java:1651) ~[spring-beans-7.0.7.jar:7.0.7]
	at org.springframework.beans.factory.support.ConstructorResolver.resolveAutowiredArgument(ConstructorResolver.java:912) ~[spring-beans-7.0.7.jar:7.0.7]
	at org.springframework.beans.factory.support.ConstructorResolver.createArgumentArray(ConstructorResolver.java:791) ~[spring-beans-7.0.7.jar:7.0.7]
	at org.springframework.beans.factory.support.ConstructorResolver.autowireConstructor(ConstructorResolver.java:240) ~[spring-beans-7.0.7.jar:7.0.7]
	at org.springframework.beans.factory.support.AbstractAutowireCapableBeanFactory.autowireConstructor(AbstractAutowireCapableBeanFactory.java:1382) ~[spring-beans-7.0.7.jar:7.0.7]
	at org.springframework.beans.factory.support.AbstractAutowireCapableBeanFactory.createBeanInstance(AbstractAutowireCapableBeanFactory.java:1221) ~[spring-beans-7.0.7.jar:7.0.7]
	at org.springframework.beans.factory.support.AbstractAutowireCapableBeanFactory.doCreateBean(AbstractAutowireCapableBeanFactory.java:565) ~[spring-beans-7.0.7.jar:7.0.7]
	at org.springframework.beans.factory.support.AbstractAutowireCapableBeanFactory.createBean(AbstractAutowireCapableBeanFactory.java:525) ~[spring-beans-7.0.7.jar:7.0.7]
	at org.springframework.beans.factory.support.AbstractBeanFactory.lambda$doGetBean$0(AbstractBeanFactory.java:333) ~[spring-beans-7.0.7.jar:7.0.7]
	at org.springframework.beans.factory.support.DefaultSingletonBeanRegistry.getSingleton(DefaultSingletonBeanRegistry.java:371) ~[spring-beans-7.0.7.jar:7.0.7]
	at org.springframework.beans.factory.support.AbstractBeanFactory.doGetBean(AbstractBeanFactory.java:331) ~[spring-beans-7.0.7.jar:7.0.7]
	at org.springframework.beans.factory.support.AbstractBeanFactory.getBean(AbstractBeanFactory.java:201) ~[spring-beans-7.0.7.jar:7.0.7]
	at org.springframework.beans.factory.config.DependencyDescriptor.resolveCandidate(DependencyDescriptor.java:229) ~[spring-beans-7.0.7.jar:7.0.7]
	at org.springframework.beans.factory.support.DefaultListableBeanFactory.doResolveDependency(DefaultListableBeanFactory.java:1762) ~[spring-beans-7.0.7.jar:7.0.7]
	at org.springframework.beans.factory.support.DefaultListableBeanFactory.resolveDependency(DefaultListableBeanFactory.java:1651) ~[spring-beans-7.0.7.jar:7.0.7]
	at org.springframework.beans.factory.support.ConstructorResolver.resolveAutowiredArgument(ConstructorResolver.java:912) ~[spring-beans-7.0.7.jar:7.0.7]
	at org.springframework.beans.factory.support.ConstructorResolver.createArgumentArray(ConstructorResolver.java:791) ~[spring-beans-7.0.7.jar:7.0.7]
	at org.springframework.beans.factory.support.ConstructorResolver.autowireConstructor(ConstructorResolver.java:240) ~[spring-beans-7.0.7.jar:7.0.7]
	at org.springframework.beans.factory.support.AbstractAutowireCapableBeanFactory.autowireConstructor(AbstractAutowireCapableBeanFactory.java:1382) ~[spring-beans-7.0.7.jar:7.0.7]
	at org.springframework.beans.factory.support.AbstractAutowireCapableBeanFactory.createBeanInstance(AbstractAutowireCapableBeanFactory.java:1221) ~[spring-beans-7.0.7.jar:7.0.7]
	at org.springframework.beans.factory.support.AbstractAutowireCapableBeanFactory.doCreateBean(AbstractAutowireCapableBeanFactory.java:565) ~[spring-beans-7.0.7.jar:7.0.7]
	at org.springframework.beans.factory.support.AbstractAutowireCapableBeanFactory.createBean(AbstractAutowireCapableBeanFactory.java:525) ~[spring-beans-7.0.7.jar:7.0.7]
	at org.springframework.beans.factory.support.AbstractBeanFactory.lambda$doGetBean$0(AbstractBeanFactory.java:333) ~[spring-beans-7.0.7.jar:7.0.7]
	at org.springframework.beans.factory.support.DefaultSingletonBeanRegistry.getSingleton(DefaultSingletonBeanRegistry.java:371) ~[spring-beans-7.0.7.jar:7.0.7]
	at org.springframework.beans.factory.support.AbstractBeanFactory.doGetBean(AbstractBeanFactory.java:331) ~[spring-beans-7.0.7.jar:7.0.7]
	at org.springframework.beans.factory.support.AbstractBeanFactory.getBean(AbstractBeanFactory.java:201) ~[spring-beans-7.0.7.jar:7.0.7]
	at org.springframework.beans.factory.support.DefaultListableBeanFactory.resolveBean(DefaultListableBeanFactory.java:1225) ~[spring-beans-7.0.7.jar:7.0.7]
	at org.springframework.beans.factory.support.DefaultListableBeanFactory.doResolveDependency(DefaultListableBeanFactory.java:1704) ~[spring-beans-7.0.7.jar:7.0.7]
	at org.springframework.beans.factory.support.DefaultListableBeanFactory.resolveDependency(DefaultListableBeanFactory.java:1651) ~[spring-beans-7.0.7.jar:7.0.7]
	at org.springframework.beans.factory.support.ConstructorResolver.resolveAutowiredArgument(ConstructorResolver.java:912) ~[spring-beans-7.0.7.jar:7.0.7]
	at org.springframework.beans.factory.support.ConstructorResolver.createArgumentArray(ConstructorResolver.java:791) ~[spring-beans-7.0.7.jar:7.0.7]
	at org.springframework.beans.factory.support.ConstructorResolver.autowireConstructor(ConstructorResolver.java:240) ~[spring-beans-7.0.7.jar:7.0.7]
	at org.springframework.beans.factory.support.AbstractAutowireCapableBeanFactory.autowireConstructor(AbstractAutowireCapableBeanFactory.java:1382) ~[spring-beans-7.0.7.jar:7.0.7]
	at org.springframework.beans.factory.support.AbstractAutowireCapableBeanFactory.createBeanInstance(AbstractAutowireCapableBeanFactory.java:1221) ~[spring-beans-7.0.7.jar:7.0.7]
	at org.springframework.beans.factory.support.AbstractAutowireCapableBeanFactory.doCreateBean(AbstractAutowireCapableBeanFactory.java:565) ~[spring-beans-7.0.7.jar:7.0.7]
	at org.springframework.beans.factory.support.AbstractAutowireCapableBeanFactory.createBean(AbstractAutowireCapableBeanFactory.java:525) ~[spring-beans-7.0.7.jar:7.0.7]
	at org.springframework.beans.factory.support.AbstractBeanFactory.lambda$doGetBean$0(AbstractBeanFactory.java:333) ~[spring-beans-7.0.7.jar:7.0.7]
	at org.springframework.beans.factory.support.DefaultSingletonBeanRegistry.getSingleton(DefaultSingletonBeanRegistry.java:371) ~[spring-beans-7.0.7.jar:7.0.7]
	at org.springframework.beans.factory.support.AbstractBeanFactory.doGetBean(AbstractBeanFactory.java:331) ~[spring-beans-7.0.7.jar:7.0.7]
	at org.springframework.beans.factory.support.AbstractBeanFactory.getBean(AbstractBeanFactory.java:196) ~[spring-beans-7.0.7.jar:7.0.7]
	at org.springframework.beans.factory.support.ConstructorResolver.instantiateUsingFactoryMethod(ConstructorResolver.java:413) ~[spring-beans-7.0.7.jar:7.0.7]
	at org.springframework.beans.factory.support.AbstractAutowireCapableBeanFactory.instantiateUsingFactoryMethod(AbstractAutowireCapableBeanFactory.java:1362) ~[spring-beans-7.0.7.jar:7.0.7]
	at org.springframework.beans.factory.support.AbstractAutowireCapableBeanFactory.createBeanInstance(AbstractAutowireCapableBeanFactory.java:1194) ~[spring-beans-7.0.7.jar:7.0.7]
	at org.springframework.beans.factory.support.AbstractAutowireCapableBeanFactory.doCreateBean(AbstractAutowireCapableBeanFactory.java:565) ~[spring-beans-7.0.7.jar:7.0.7]
	at org.springframework.beans.factory.support.AbstractAutowireCapableBeanFactory.createBean(AbstractAutowireCapableBeanFactory.java:525) ~[spring-beans-7.0.7.jar:7.0.7]
	at org.springframework.beans.factory.support.AbstractBeanFactory.lambda$doGetBean$0(AbstractBeanFactory.java:333) ~[spring-beans-7.0.7.jar:7.0.7]
	at org.springframework.beans.factory.support.DefaultSingletonBeanRegistry.getSingleton(DefaultSingletonBeanRegistry.java:371) ~[spring-beans-7.0.7.jar:7.0.7]
	at org.springframework.beans.factory.support.AbstractBeanFactory.doGetBean(AbstractBeanFactory.java:331) ~[spring-beans-7.0.7.jar:7.0.7]
	at org.springframework.beans.factory.support.AbstractBeanFactory.getBean(AbstractBeanFactory.java:201) ~[spring-beans-7.0.7.jar:7.0.7]
	at org.springframework.boot.web.servlet.ServletContextInitializerBeans.getOrderedBeansOfType(ServletContextInitializerBeans.java:231) ~[spring-boot-4.0.6.jar:4.0.6]
	at org.springframework.boot.web.servlet.ServletContextInitializerBeans.addAsRegistrationBean(ServletContextInitializerBeans.java:185) ~[spring-boot-4.0.6.jar:4.0.6]
	at org.springframework.boot.web.servlet.ServletContextInitializerBeans.addAsRegistrationBean(ServletContextInitializerBeans.java:180) ~[spring-boot-4.0.6.jar:4.0.6]
	at org.springframework.boot.web.servlet.ServletContextInitializerBeans.addAdaptableBeans(ServletContextInitializerBeans.java:165) ~[spring-boot-4.0.6.jar:4.0.6]
	at org.springframework.boot.web.servlet.ServletContextInitializerBeans.<init>(ServletContextInitializerBeans.java:97) ~[spring-boot-4.0.6.jar:4.0.6]
	at org.springframework.boot.web.context.servlet.WebApplicationContextInitializer.initialize(WebApplicationContextInitializer.java:53) ~[spring-boot-4.0.6.jar:4.0.6]
	at org.springframework.boot.tomcat.servlet.DeferredServletContainerInitializers.onStartup(DeferredServletContainerInitializers.java:55) ~[spring-boot-tomcat-4.0.6.jar:4.0.6]
	at org.apache.catalina.core.StandardContext.startInternal(StandardContext.java:4416) ~[tomcat-embed-core-11.0.21.jar:11.0.21]
	at org.apache.catalina.util.LifecycleBase.start(LifecycleBase.java:164) ~[tomcat-embed-core-11.0.21.jar:11.0.21]
	at org.apache.catalina.core.ContainerBase$StartChild.call(ContainerBase.java:1162) ~[tomcat-embed-core-11.0.21.jar:11.0.21]
	at org.apache.catalina.core.ContainerBase$StartChild.call(ContainerBase.java:1158) ~[tomcat-embed-core-11.0.21.jar:11.0.21]
	at java.base/java.util.concurrent.FutureTask.run(FutureTask.java:330) ~[na:na]
	at org.apache.tomcat.util.threads.InlineExecutorService.execute(InlineExecutorService.java:81) ~[tomcat-embed-core-11.0.21.jar:11.0.21]
	at java.base/java.util.concurrent.AbstractExecutorService.submit(AbstractExecutorService.java:149) ~[na:na]
	at org.apache.catalina.core.ContainerBase.startInternal(ContainerBase.java:714) ~[tomcat-embed-core-11.0.21.jar:11.0.21]
	at org.apache.catalina.core.StandardHost.startInternal(StandardHost.java:780) ~[tomcat-embed-core-11.0.21.jar:11.0.21]
	at org.apache.catalina.util.LifecycleBase.start(LifecycleBase.java:164) ~[tomcat-embed-core-11.0.21.jar:11.0.21]
	at org.apache.catalina.core.ContainerBase$StartChild.call(ContainerBase.java:1162) ~[tomcat-embed-core-11.0.21.jar:11.0.21]
	at org.apache.catalina.core.ContainerBase$StartChild.call(ContainerBase.java:1158) ~[tomcat-embed-core-11.0.21.jar:11.0.21]
	at java.base/java.util.concurrent.FutureTask.run(FutureTask.java:330) ~[na:na]
	at org.apache.tomcat.util.threads.InlineExecutorService.execute(InlineExecutorService.java:81) ~[tomcat-embed-core-11.0.21.jar:11.0.21]
	at java.base/java.util.concurrent.AbstractExecutorService.submit(AbstractExecutorService.java:149) ~[na:na]
	at org.apache.catalina.core.ContainerBase.startInternal(ContainerBase.java:714) ~[tomcat-embed-core-11.0.21.jar:11.0.21]
	at org.apache.catalina.core.StandardEngine.startInternal(StandardEngine.java:201) ~[tomcat-embed-core-11.0.21.jar:11.0.21]
	at org.apache.catalina.util.LifecycleBase.start(LifecycleBase.java:164) ~[tomcat-embed-core-11.0.21.jar:11.0.21]
	at org.apache.catalina.core.StandardService.startInternal(StandardService.java:410) ~[tomcat-embed-core-11.0.21.jar:11.0.21]
	at org.apache.catalina.util.LifecycleBase.start(LifecycleBase.java:164) ~[tomcat-embed-core-11.0.21.jar:11.0.21]
	at org.apache.catalina.core.StandardServer.startInternal(StandardServer.java:864) ~[tomcat-embed-core-11.0.21.jar:11.0.21]
	at org.apache.catalina.util.LifecycleBase.start(LifecycleBase.java:164) ~[tomcat-embed-core-11.0.21.jar:11.0.21]
	at org.apache.catalina.startup.Tomcat.start(Tomcat.java:435) ~[tomcat-embed-core-11.0.21.jar:11.0.21]
	at org.springframework.boot.tomcat.TomcatWebServer.initialize(TomcatWebServer.java:131) ~[spring-boot-tomcat-4.0.6.jar:4.0.6]
	at org.springframework.boot.tomcat.TomcatWebServer.<init>(TomcatWebServer.java:110) ~[spring-boot-tomcat-4.0.6.jar:4.0.6]
	at org.springframework.boot.tomcat.servlet.TomcatServletWebServerFactory.getTomcatWebServer(TomcatServletWebServerFactory.java:408) ~[spring-boot-tomcat-4.0.6.jar:4.0.6]
	at org.springframework.boot.tomcat.servlet.TomcatServletWebServerFactory.getWebServer(TomcatServletWebServerFactory.java:166) ~[spring-boot-tomcat-4.0.6.jar:4.0.6]
	at org.springframework.boot.web.server.servlet.context.ServletWebServerApplicationContext.createWebServer(ServletWebServerApplicationContext.java:190) ~[spring-boot-web-server-4.0.6.jar:4.0.6]
	at org.springframework.boot.web.server.servlet.context.ServletWebServerApplicationContext.onRefresh(ServletWebServerApplicationContext.java:164) ~[spring-boot-web-server-4.0.6.jar:4.0.6]
	at org.springframework.context.support.AbstractApplicationContext.refresh(AbstractApplicationContext.java:615) ~[spring-context-7.0.7.jar:7.0.7]
	at org.springframework.boot.web.server.servlet.context.ServletWebServerApplicationContext.refresh(ServletWebServerApplicationContext.java:143) ~[spring-boot-web-server-4.0.6.jar:4.0.6]
	at org.springframework.boot.SpringApplication.refresh(SpringApplication.java:756) ~[spring-boot-4.0.6.jar:4.0.6]
	at org.springframework.boot.SpringApplication.refreshContext(SpringApplication.java:445) ~[spring-boot-4.0.6.jar:4.0.6]
	at org.springframework.boot.SpringApplication.run(SpringApplication.java:321) ~[spring-boot-4.0.6.jar:4.0.6]
	at org.springframework.boot.SpringApplication.run(SpringApplication.java:1365) ~[spring-boot-4.0.6.jar:4.0.6]
	at org.springframework.boot.SpringApplication.run(SpringApplication.java:1354) ~[spring-boot-4.0.6.jar:4.0.6]
	at com.foundly.foundlyplatform.FoundlyPlatformApplication.main(FoundlyPlatformApplication.java:12) ~[classes/:na]
	at java.base/jdk.internal.reflect.DirectMethodHandleAccessor.invoke(DirectMethodHandleAccessor.java:104) ~[na:na]
	at java.base/java.lang.reflect.Method.invoke(Method.java:565) ~[na:na]
	at org.springframework.boot.devtools.restart.RestartLauncher.run(RestartLauncher.java:52) ~[spring-boot-devtools-4.0.6.jar:4.0.6]
Caused by: java.sql.SQLException: Referencing column 'project_id' and referenced column 'id' in foreign key constraint 'FKa1xi8mlw6fqpwss0ko4qynki9' are incompatible.
	at com.mysql.cj.jdbc.exceptions.SQLError.createSQLException(SQLError.java:121) ~[mysql-connector-j-9.7.0.jar:9.7.0]
	at com.mysql.cj.jdbc.exceptions.SQLExceptionsMapping.translateException(SQLExceptionsMapping.java:114) ~[mysql-connector-j-9.7.0.jar:9.7.0]
	at com.mysql.cj.jdbc.StatementImpl.executeInternal(StatementImpl.java:839) ~[mysql-connector-j-9.7.0.jar:9.7.0]
	at com.mysql.cj.jdbc.StatementImpl.execute(StatementImpl.java:687) ~[mysql-connector-j-9.7.0.jar:9.7.0]
	at com.zaxxer.hikari.pool.ProxyStatement.execute(ProxyStatement.java:95) ~[HikariCP-7.0.2.jar:na]
	at com.zaxxer.hikari.pool.HikariProxyStatement.execute(HikariProxyStatement.java) ~[HikariCP-7.0.2.jar:na]
	at org.hibernate.tool.schema.internal.exec.GenerationTargetToDatabase.accept(GenerationTargetToDatabase.java:76) ~[hibernate-core-7.2.12.Final.jar:7.2.12.Final]
	... 148 common frames omitted

2026-06-22T14:41:59.116-05:00  INFO 4072 --- [Foundly Platform] [  restartedMain] j.LocalContainerEntityManagerFactoryBean : Initialized JPA EntityManagerFactory for persistence unit 'default'
2026-06-22T14:41:59.204-05:00  INFO 4072 --- [Foundly Platform] [  restartedMain] o.s.d.j.r.query.QueryEnhancerFactories   : Hibernate is in classpath; If applicable, HQL parser will be used.
2026-06-22T14:42:00.536-05:00  INFO 4072 --- [Foundly Platform] [  restartedMain] eAuthenticationProviderManagerConfigurer : Global AuthenticationManager configured with AuthenticationProvider bean with name authenticationProvider
2026-06-22T14:42:00.537-05:00  WARN 4072 --- [Foundly Platform] [  restartedMain] r$InitializeUserDetailsManagerConfigurer : Global AuthenticationManager configured with an AuthenticationProvider bean. UserDetailsService beans will not be used by Spring Security for automatically configuring username/password login. Consider removing the AuthenticationProvider bean. Alternatively, consider using the UserDetailsService in a manually instantiated DaoAuthenticationProvider. If the current configuration is intentional, to turn off this warning, increase the logging level of 'org.springframework.security.config.annotation.authentication.configuration.InitializeUserDetailsBeanManagerConfigurer' to ERROR
2026-06-22T14:42:01.510-05:00  INFO 4072 --- [Foundly Platform] [  restartedMain] o.s.m.s.b.SimpleBrokerMessageHandler     : Starting...
2026-06-22T14:42:01.510-05:00  INFO 4072 --- [Foundly Platform] [  restartedMain] o.s.m.s.b.SimpleBrokerMessageHandler     : BrokerAvailabilityEvent[available=true, SimpleBrokerMessageHandler [org.springframework.messaging.simp.broker.DefaultSubscriptionRegistry@3426b7db]]
2026-06-22T14:42:01.511-05:00  INFO 4072 --- [Foundly Platform] [  restartedMain] o.s.m.s.b.SimpleBrokerMessageHandler     : Started.
2026-06-22T14:42:01.535-05:00  INFO 4072 --- [Foundly Platform] [  restartedMain] o.s.boot.tomcat.TomcatWebServer          : Tomcat started on port 8083 (http) with context path '/'
2026-06-22T14:42:01.542-05:00  INFO 4072 --- [Foundly Platform] [  restartedMain] c.f.f.FoundlyPlatformApplication         : Started FoundlyPlatformApplication in 9.31 seconds (process running for 9.836)
2026-06-22T14:42:01.545-05:00  WARN 4072 --- [Foundly Platform] [  restartedMain] o.s.core.events.SpringDocAppInitializer  : SpringDoc /v3/api-docs endpoint is enabled by default. To disable it in production, set the property 'springdoc.api-docs.enabled=false'
2026-06-22T14:42:01.545-05:00  WARN 4072 --- [Foundly Platform] [  restartedMain] o.s.core.events.SpringDocAppInitializer  : SpringDoc /swagger-ui.html endpoint is enabled by default. To disable it in production, set the property 'springdoc.swagger-ui.enabled=false'
2026-06-22T14:42:01.546-05:00  INFO 4072 --- [Foundly Platform] [  restartedMain] f.f.i.a.i.e.ApplicationReadyEventHandler : Starting to verify if roles seeding is needed for Foundly Platform at 2026-06-22 14:42:01.546
2026-06-22T14:42:01.706-05:00  INFO 4072 --- [Foundly Platform] [  restartedMain] f.f.i.a.i.e.ApplicationReadyEventHandler : Roles seeding verification finished for Foundly Platform at 2026-06-22 14:42:01.706
2026-06-22T14:42:01.706-05:00  INFO 4072 --- [Foundly Platform] [  restartedMain] .d.o.e.ApiDocumentationReadyEventHandler : 
----------------------------------------------------------------
  Foundly Platform is up and running! Open these in your browser:
  Local API:    http://localhost:8083
  Swagger UI:   http://localhost:8083/swagger-ui/index.html
  OpenAPI docs: http://localhost:8083/v3/api-docs
----------------------------------------------------------------
2026-06-22T14:43:01.506-05:00  INFO 4072 --- [Foundly Platform] [MessageBroker-1] o.s.w.s.c.WebSocketMessageBrokerStats    : WebSocketSession[0 current WS(0)-HttpStream(0)-HttpPoll(0), 0 total, 0 closed abnormally (0 connect failure, 0 send limit, 0 transport error)], stompSubProtocol[processed CONNECT(0)-CONNECTED(0)-DISCONNECT(0)], stompBrokerRelay[null], inboundChannel[pool size = 0, active threads = 0, queued tasks = 0, completed tasks = 0], outboundChannel[pool size = 0, active threads = 0, queued tasks = 0, completed tasks = 0], sockJsScheduler[pool size = 1, active threads = 1, queued tasks = 0, completed tasks = 0]
2026-06-22T14:43:29.841-05:00  INFO 4072 --- [Foundly Platform] [nio-8083-exec-1] o.a.c.c.C.[Tomcat].[localhost].[/]       : Initializing Spring DispatcherServlet 'dispatcherServlet'
2026-06-22T14:43:29.842-05:00  INFO 4072 --- [Foundly Platform] [nio-8083-exec-1] o.s.web.servlet.DispatcherServlet        : Initializing Servlet 'dispatcherServlet'
2026-06-22T14:43:29.843-05:00  INFO 4072 --- [Foundly Platform] [nio-8083-exec-1] o.s.web.servlet.DispatcherServlet        : Completed initialization in 1 ms
2026-06-22T14:43:29.866-05:00  INFO 4072 --- [Foundly Platform] [nio-8083-exec-1] i.a.s.p.BearerAuthorizationRequestFilter : 🔐 Authorization header recibido: null
2026-06-22T14:43:29.867-05:00  INFO 4072 --- [Foundly Platform] [nio-8083-exec-1] i.a.s.p.BearerAuthorizationRequestFilter : 🔐 Token extraído: null
2026-06-22T14:43:29.867-05:00  WARN 4072 --- [Foundly Platform] [nio-8083-exec-1] i.a.s.p.BearerAuthorizationRequestFilter : ❌ Token inválido o no presente
2026-06-22T14:43:30.338-05:00  INFO 4072 --- [Foundly Platform] [nio-8083-exec-3] i.a.s.p.BearerAuthorizationRequestFilter : 🔐 Authorization header recibido: null
2026-06-22T14:43:30.338-05:00  INFO 4072 --- [Foundly Platform] [nio-8083-exec-3] i.a.s.p.BearerAuthorizationRequestFilter : 🔐 Token extraído: null
2026-06-22T14:43:30.338-05:00  WARN 4072 --- [Foundly Platform] [nio-8083-exec-3] i.a.s.p.BearerAuthorizationRequestFilter : ❌ Token inválido o no presente
2026-06-22T14:43:30.433-05:00  INFO 4072 --- [Foundly Platform] [nio-8083-exec-7] i.a.s.p.BearerAuthorizationRequestFilter : 🔐 Authorization header recibido: null
2026-06-22T14:43:30.434-05:00  INFO 4072 --- [Foundly Platform] [nio-8083-exec-7] i.a.s.p.BearerAuthorizationRequestFilter : 🔐 Token extraído: null
2026-06-22T14:43:30.434-05:00  WARN 4072 --- [Foundly Platform] [nio-8083-exec-7] i.a.s.p.BearerAuthorizationRequestFilter : ❌ Token inválido o no presente
2026-06-22T14:43:30.723-05:00  INFO 4072 --- [Foundly Platform] [nio-8083-exec-2] i.a.s.p.BearerAuthorizationRequestFilter : 🔐 Authorization header recibido: Bearer eyJhbGciOiJIUzM4NCJ9.eyJzdWIiOiJhbmFfMTc4MjE1NzQwOSIsImlhdCI6MTc4MjE1NzQxMCwiZXhwIjoxNzgyNzYyMjEwfQ.r-Fu94HljeR_9e7hm7cCSbaot5l3bD_25A4ezXATPL7vKOqrC0iY3dNFbexEEgoj
2026-06-22T14:43:30.723-05:00  INFO 4072 --- [Foundly Platform] [nio-8083-exec-2] i.a.s.p.BearerAuthorizationRequestFilter : 🔐 Token extraído: eyJhbGciOiJIUzM4NCJ9...
2026-06-22T14:43:30.784-05:00  INFO 4072 --- [Foundly Platform] [nio-8083-exec-2] c.f.f.i.i.t.j.services.TokenServiceImpl  : ✅ Token is valid
2026-06-22T14:43:30.786-05:00  INFO 4072 --- [Foundly Platform] [nio-8083-exec-2] i.a.s.p.BearerAuthorizationRequestFilter : 🔐 Username extraído del token: ana_1782157409
2026-06-22T14:43:30.792-05:00  INFO 4072 --- [Foundly Platform] [nio-8083-exec-2] i.a.s.p.BearerAuthorizationRequestFilter : ✅ Autenticación establecida para: ana_1782157409
2026-06-22T14:43:30.830-05:00  INFO 4072 --- [Foundly Platform] [nio-8083-exec-5] i.a.s.p.BearerAuthorizationRequestFilter : 🔐 Authorization header recibido: Bearer eyJhbGciOiJIUzM4NCJ9.eyJzdWIiOiJhbmFfMTc4MjE1NzQwOSIsImlhdCI6MTc4MjE1NzQxMCwiZXhwIjoxNzgyNzYyMjEwfQ.r-Fu94HljeR_9e7hm7cCSbaot5l3bD_25A4ezXATPL7vKOqrC0iY3dNFbexEEgoj
2026-06-22T14:43:30.830-05:00  INFO 4072 --- [Foundly Platform] [nio-8083-exec-5] i.a.s.p.BearerAuthorizationRequestFilter : 🔐 Token extraído: eyJhbGciOiJIUzM4NCJ9...
2026-06-22T14:43:30.831-05:00  INFO 4072 --- [Foundly Platform] [nio-8083-exec-5] c.f.f.i.i.t.j.services.TokenServiceImpl  : ✅ Token is valid
2026-06-22T14:43:30.832-05:00  INFO 4072 --- [Foundly Platform] [nio-8083-exec-5] i.a.s.p.BearerAuthorizationRequestFilter : 🔐 Username extraído del token: ana_1782157409
2026-06-22T14:43:30.836-05:00  INFO 4072 --- [Foundly Platform] [nio-8083-exec-5] i.a.s.p.BearerAuthorizationRequestFilter : ✅ Autenticación establecida para: ana_1782157409
2026-06-22T14:43:30.850-05:00  INFO 4072 --- [Foundly Platform] [nio-8083-exec-6] i.a.s.p.BearerAuthorizationRequestFilter : 🔐 Authorization header recibido: Bearer eyJhbGciOiJIUzM4NCJ9.eyJzdWIiOiJhbmFfMTc4MjE1NzQwOSIsImlhdCI6MTc4MjE1NzQxMCwiZXhwIjoxNzgyNzYyMjEwfQ.r-Fu94HljeR_9e7hm7cCSbaot5l3bD_25A4ezXATPL7vKOqrC0iY3dNFbexEEgoj
2026-06-22T14:43:30.851-05:00  INFO 4072 --- [Foundly Platform] [nio-8083-exec-6] i.a.s.p.BearerAuthorizationRequestFilter : 🔐 Token extraído: eyJhbGciOiJIUzM4NCJ9...
2026-06-22T14:43:30.851-05:00  INFO 4072 --- [Foundly Platform] [nio-8083-exec-6] c.f.f.i.i.t.j.services.TokenServiceImpl  : ✅ Token is valid
2026-06-22T14:43:30.852-05:00  INFO 4072 --- [Foundly Platform] [nio-8083-exec-6] i.a.s.p.BearerAuthorizationRequestFilter : 🔐 Username extraído del token: ana_1782157409
2026-06-22T14:43:30.855-05:00  INFO 4072 --- [Foundly Platform] [nio-8083-exec-6] i.a.s.p.BearerAuthorizationRequestFilter : ✅ Autenticación establecida para: ana_1782157409
2026-06-22T14:43:30.897-05:00  INFO 4072 --- [Foundly Platform] [nio-8083-exec-4] i.a.s.p.BearerAuthorizationRequestFilter : 🔐 Authorization header recibido: Bearer eyJhbGciOiJIUzM4NCJ9.eyJzdWIiOiJhbmFfMTc4MjE1NzQwOSIsImlhdCI6MTc4MjE1NzQxMCwiZXhwIjoxNzgyNzYyMjEwfQ.r-Fu94HljeR_9e7hm7cCSbaot5l3bD_25A4ezXATPL7vKOqrC0iY3dNFbexEEgoj
2026-06-22T14:43:30.897-05:00  INFO 4072 --- [Foundly Platform] [nio-8083-exec-4] i.a.s.p.BearerAuthorizationRequestFilter : 🔐 Token extraído: eyJhbGciOiJIUzM4NCJ9...
2026-06-22T14:43:30.898-05:00  INFO 4072 --- [Foundly Platform] [nio-8083-exec-4] c.f.f.i.i.t.j.services.TokenServiceImpl  : ✅ Token is valid
2026-06-22T14:43:30.898-05:00  INFO 4072 --- [Foundly Platform] [nio-8083-exec-4] i.a.s.p.BearerAuthorizationRequestFilter : 🔐 Username extraído del token: ana_1782157409
2026-06-22T14:43:30.902-05:00  INFO 4072 --- [Foundly Platform] [nio-8083-exec-4] i.a.s.p.BearerAuthorizationRequestFilter : ✅ Autenticación establecida para: ana_1782157409
2026-06-22T14:43:30.920-05:00  INFO 4072 --- [Foundly Platform] [nio-8083-exec-8] i.a.s.p.BearerAuthorizationRequestFilter : 🔐 Authorization header recibido: null
2026-06-22T14:43:30.920-05:00  INFO 4072 --- [Foundly Platform] [nio-8083-exec-8] i.a.s.p.BearerAuthorizationRequestFilter : 🔐 Token extraído: null
2026-06-22T14:43:30.920-05:00  WARN 4072 --- [Foundly Platform] [nio-8083-exec-8] i.a.s.p.BearerAuthorizationRequestFilter : ❌ Token inválido o no presente
2026-06-22T14:43:30.997-05:00  INFO 4072 --- [Foundly Platform] [nio-8083-exec-9] i.a.s.p.BearerAuthorizationRequestFilter : 🔐 Authorization header recibido: Bearer eyJhbGciOiJIUzM4NCJ9.eyJzdWIiOiJiZXRvXzE3ODIxNTc0MDkiLCJpYXQiOjE3ODIxNTc0MTAsImV4cCI6MTc4Mjc2MjIxMH0.jFHf5tT2oIgeKAS871Pfj-Z6IXP-FukugEbMbzF9l1-cRyQkhOmJUPkZSxNaEi9v
2026-06-22T14:43:30.997-05:00  INFO 4072 --- [Foundly Platform] [nio-8083-exec-9] i.a.s.p.BearerAuthorizationRequestFilter : 🔐 Token extraído: eyJhbGciOiJIUzM4NCJ9...
2026-06-22T14:43:30.997-05:00  INFO 4072 --- [Foundly Platform] [nio-8083-exec-9] c.f.f.i.i.t.j.services.TokenServiceImpl  : ✅ Token is valid
2026-06-22T14:43:30.998-05:00  INFO 4072 --- [Foundly Platform] [nio-8083-exec-9] i.a.s.p.BearerAuthorizationRequestFilter : 🔐 Username extraído del token: beto_1782157409
2026-06-22T14:43:31.002-05:00  INFO 4072 --- [Foundly Platform] [nio-8083-exec-9] i.a.s.p.BearerAuthorizationRequestFilter : ✅ Autenticación establecida para: beto_1782157409
2026-06-22T14:43:31.012-05:00  INFO 4072 --- [Foundly Platform] [io-8083-exec-10] i.a.s.p.BearerAuthorizationRequestFilter : 🔐 Authorization header recibido: Bearer eyJhbGciOiJIUzM4NCJ9.eyJzdWIiOiJhbmFfMTc4MjE1NzQwOSIsImlhdCI6MTc4MjE1NzQxMCwiZXhwIjoxNzgyNzYyMjEwfQ.r-Fu94HljeR_9e7hm7cCSbaot5l3bD_25A4ezXATPL7vKOqrC0iY3dNFbexEEgoj
2026-06-22T14:43:31.012-05:00  INFO 4072 --- [Foundly Platform] [io-8083-exec-10] i.a.s.p.BearerAuthorizationRequestFilter : 🔐 Token extraído: eyJhbGciOiJIUzM4NCJ9...
2026-06-22T14:43:31.013-05:00  INFO 4072 --- [Foundly Platform] [io-8083-exec-10] c.f.f.i.i.t.j.services.TokenServiceImpl  : ✅ Token is valid
2026-06-22T14:43:31.013-05:00  INFO 4072 --- [Foundly Platform] [io-8083-exec-10] i.a.s.p.BearerAuthorizationRequestFilter : 🔐 Username extraído del token: ana_1782157409
2026-06-22T14:43:31.018-05:00  INFO 4072 --- [Foundly Platform] [io-8083-exec-10] i.a.s.p.BearerAuthorizationRequestFilter : ✅ Autenticación establecida para: ana_1782157409
2026-06-22T14:43:31.063-05:00  INFO 4072 --- [Foundly Platform] [nio-8083-exec-1] i.a.s.p.BearerAuthorizationRequestFilter : 🔐 Authorization header recibido: Bearer eyJhbGciOiJIUzM4NCJ9.eyJzdWIiOiJhbmFfMTc4MjE1NzQwOSIsImlhdCI6MTc4MjE1NzQxMCwiZXhwIjoxNzgyNzYyMjEwfQ.r-Fu94HljeR_9e7hm7cCSbaot5l3bD_25A4ezXATPL7vKOqrC0iY3dNFbexEEgoj
2026-06-22T14:43:31.064-05:00  INFO 4072 --- [Foundly Platform] [nio-8083-exec-1] i.a.s.p.BearerAuthorizationRequestFilter : 🔐 Token extraído: eyJhbGciOiJIUzM4NCJ9...
2026-06-22T14:43:31.064-05:00  INFO 4072 --- [Foundly Platform] [nio-8083-exec-1] c.f.f.i.i.t.j.services.TokenServiceImpl  : ✅ Token is valid
2026-06-22T14:43:31.064-05:00  INFO 4072 --- [Foundly Platform] [nio-8083-exec-1] i.a.s.p.BearerAuthorizationRequestFilter : 🔐 Username extraído del token: ana_1782157409
2026-06-22T14:43:31.069-05:00  INFO 4072 --- [Foundly Platform] [nio-8083-exec-1] i.a.s.p.BearerAuthorizationRequestFilter : ✅ Autenticación establecida para: ana_1782157409
2026-06-22T14:43:31.079-05:00  INFO 4072 --- [Foundly Platform] [nio-8083-exec-3] i.a.s.p.BearerAuthorizationRequestFilter : 🔐 Authorization header recibido: null
2026-06-22T14:43:31.079-05:00  INFO 4072 --- [Foundly Platform] [nio-8083-exec-3] i.a.s.p.BearerAuthorizationRequestFilter : 🔐 Token extraído: null
2026-06-22T14:43:31.079-05:00  WARN 4072 --- [Foundly Platform] [nio-8083-exec-3] i.a.s.p.BearerAuthorizationRequestFilter : ❌ Token inválido o no presente
2026-06-22T14:43:31.081-05:00 ERROR 4072 --- [Foundly Platform] [nio-8083-exec-3] s.p.UnauthorizedRequestHandlerEntryPoint : Unauthorized request: Full authentication is required to access this resource
2026-06-22T14:43:31.086-05:00 ERROR 4072 --- [Foundly Platform] [nio-8083-exec-3] s.p.UnauthorizedRequestHandlerEntryPoint : Unauthorized request: Full authentication is required to access this resource
2026-06-22T14:49:53.932-05:00  INFO 4072 --- [Foundly Platform] [nio-8083-exec-7] i.a.s.p.BearerAuthorizationRequestFilter : 🔐 Authorization header recibido: null
2026-06-22T14:49:53.933-05:00  INFO 4072 --- [Foundly Platform] [nio-8083-exec-7] i.a.s.p.BearerAuthorizationRequestFilter : 🔐 Token extraído: null
2026-06-22T14:49:53.933-05:00  WARN 4072 --- [Foundly Platform] [nio-8083-exec-7] i.a.s.p.BearerAuthorizationRequestFilter : ❌ Token inválido o no presente
2026-06-22T14:49:54.033-05:00  INFO 4072 --- [Foundly Platform] [nio-8083-exec-2] i.a.s.p.BearerAuthorizationRequestFilter : 🔐 Authorization header recibido: null
2026-06-22T14:49:54.034-05:00  INFO 4072 --- [Foundly Platform] [nio-8083-exec-2] i.a.s.p.BearerAuthorizationRequestFilter : 🔐 Token extraído: null
2026-06-22T14:49:54.034-05:00  WARN 4072 --- [Foundly Platform] [nio-8083-exec-2] i.a.s.p.BearerAuthorizationRequestFilter : ❌ Token inválido o no presente
2026-06-22T14:49:54.121-05:00  INFO 4072 --- [Foundly Platform] [nio-8083-exec-5] i.a.s.p.BearerAuthorizationRequestFilter : 🔐 Authorization header recibido: null
2026-06-22T14:49:54.122-05:00  INFO 4072 --- [Foundly Platform] [nio-8083-exec-5] i.a.s.p.BearerAuthorizationRequestFilter : 🔐 Token extraído: null
2026-06-22T14:49:54.122-05:00  WARN 4072 --- [Foundly Platform] [nio-8083-exec-5] i.a.s.p.BearerAuthorizationRequestFilter : ❌ Token inválido o no presente
2026-06-22T14:49:54.202-05:00  INFO 4072 --- [Foundly Platform] [nio-8083-exec-6] i.a.s.p.BearerAuthorizationRequestFilter : 🔐 Authorization header recibido: null
2026-06-22T14:49:54.202-05:00  INFO 4072 --- [Foundly Platform] [nio-8083-exec-6] i.a.s.p.BearerAuthorizationRequestFilter : 🔐 Token extraído: null
2026-06-22T14:49:54.202-05:00  WARN 4072 --- [Foundly Platform] [nio-8083-exec-6] i.a.s.p.BearerAuthorizationRequestFilter : ❌ Token inválido o no presente
2026-06-22T14:49:54.294-05:00  INFO 4072 --- [Foundly Platform] [nio-8083-exec-4] i.a.s.p.BearerAuthorizationRequestFilter : 🔐 Authorization header recibido: null
2026-06-22T14:49:54.295-05:00  INFO 4072 --- [Foundly Platform] [nio-8083-exec-4] i.a.s.p.BearerAuthorizationRequestFilter : 🔐 Token extraído: null
2026-06-22T14:49:54.295-05:00  WARN 4072 --- [Foundly Platform] [nio-8083-exec-4] i.a.s.p.BearerAuthorizationRequestFilter : ❌ Token inválido o no presente
2026-06-22T14:49:54.377-05:00  INFO 4072 --- [Foundly Platform] [nio-8083-exec-4] c.f.f.i.i.t.j.services.TokenServiceImpl  : ✅ Token is valid
2026-06-22T14:49:54.383-05:00  INFO 4072 --- [Foundly Platform] [nio-8083-exec-4] c.f.f.m.i.w.StompAuthChannelInterceptor  : ✅ WebSocket autenticado para userId=7 (carla_1782157793855)
2026-06-22T14:49:55.007-05:00  INFO 4072 --- [Foundly Platform] [nio-8083-exec-9] i.a.s.p.BearerAuthorizationRequestFilter : 🔐 Authorization header recibido: Bearer eyJhbGciOiJIUzM4NCJ9.eyJzdWIiOiJkYXJpb18xNzgyMTU3NzkzODU1IiwiaWF0IjoxNzgyMTU3Nzk0LCJleHAiOjE3ODI3NjI1OTR9.QZHIg3eGe3fi3F3jHZnFbcn2d29Y10AKLq1jL_EDawpPp2ZJZhxdA4MEudnT16RR
2026-06-22T14:49:55.009-05:00  INFO 4072 --- [Foundly Platform] [nio-8083-exec-9] i.a.s.p.BearerAuthorizationRequestFilter : 🔐 Token extraído: eyJhbGciOiJIUzM4NCJ9...
2026-06-22T14:49:55.010-05:00  INFO 4072 --- [Foundly Platform] [nio-8083-exec-9] c.f.f.i.i.t.j.services.TokenServiceImpl  : ✅ Token is valid
2026-06-22T14:49:55.010-05:00  INFO 4072 --- [Foundly Platform] [nio-8083-exec-9] i.a.s.p.BearerAuthorizationRequestFilter : 🔐 Username extraído del token: dario_1782157793855
2026-06-22T14:49:55.014-05:00  INFO 4072 --- [Foundly Platform] [nio-8083-exec-9] i.a.s.p.BearerAuthorizationRequestFilter : ✅ Autenticación establecida para: dario_1782157793855
[INFO] ------------------------------------------------------------------------
[INFO] BUILD FAILURE
[INFO] ------------------------------------------------------------------------
[INFO] Total time:  09:14 min
[INFO] Finished at: 2026-06-22T14:51:02-05:00
[INFO] ------------------------------------------------------------------------
[ERROR] Failed to execute goal org.springframework.boot:spring-boot-maven-plugin:4.0.6:run (default-cli) on project Foundly-platform: Process terminated with exit code: -1 -> [Help 1]
[ERROR] 
[ERROR] To see the full stack trace of the errors, re-run Maven with the -e switch.
[ERROR] Re-run Maven using the -X switch to enable full debug logging.
[ERROR] 
[ERROR] For more information about the errors and possible solutions, please read the following articles:
[ERROR] [Help 1] http://cwiki.apache.org/confluence/display/MAVEN/MojoExecutionException
